
> smart-power-saving@0.0.0 build
> vite build

[36mvite v7.3.1 [32mbuilding client environment for production...[36m[39m
transforming...
[32mΓ£ô[39m 2839 modules transformed.
rendering chunks...
computing gzip size...
[2mdist/[22m[32mindex.html                 [39m[1m[2m  0.49 kB[22m[1m[22m[2m Γöé gzip:   0.34 kB[22m
[2mdist/[22m[35massets/index-CENRmJGP.css  [39m[1m[2m119.58 kB[22m[1m[22m[2m Γöé gzip:  17.85 kB[22m
[2mdist/[22m[36massets/index-CtEdcP8m.js   [39m[1m[33m970.33 kB[39m[22m[2m Γöé gzip: 285.34 kB[22m
node.exe : [33m
At C:\Program Files\nod
ejs\npm.ps1:29 char:3
+   & $NODE_EXE 
$NPM_CLI_JS $args
+   ~~~~~~~~~~~~~~~~~~~
~~~~~~~~~~
    + CategoryInfo     
         : NotSpecifi  
  ed: ([33m:String)   
  [], RemoteExcepti    
on
    + FullyQualifiedEr 
   rorId : NativeComm  
  andError
 
(!) Some chunks are 
larger than 500 kB 
after minification. 
Consider:
- Using dynamic 
import() to code-split 
the application
- Use build.rollupOptio
ns.output.manualChunks 
to improve chunking: ht
tps://rollupjs.org/conf
iguration-options/#outp
ut-manualchunks
- Adjust chunk size 
limit for this warning 
via build.chunkSizeWarn
ingLimit.[39m
[32mΓ£ô built in 15.99s[39m
