Homeowner Dashboard summary status: 200
Homeowner Dashboard data: {"totalDevices":0,"todayConsumption":0.0,"monthlyConsumption":0.0,"highestConsumingDevice":"N/A","estimatedMonthlyCost":0.0}
tech login payload: {
  token: 'eyJhbGciOiJIUzI1NiJ9.eyJzdWIiOiJ0ZWNoQHRlc3QuY29tIiwiaWF0IjoxNzcyMjY1ODQ1LCJleHAiOjE3NzIzNTIyNDV9.kyFxb8gbQUfHJ5ZSiNP1R1pB7gjBxpN8teTShUXhJUA',
  role: 'TECHNICIAN',
  username: 'tech@test.com',
  fullName: 'Technician API'
}
Technician tasks status: 200
Technician tasks data: []
Technician metrics status: 200
Technician metrics data: {"id":1,"technician":{"id":12,"username":"tech@test.com","password":"$2a$10$E6AEFGuQ5oIxj8pEwPM.Yulp1ONNLnDfoPdv4RYstrDBzDSgCr5Rq","role":"TECHNICIAN","fullName":"Technician API","email":"tech@test.com","avatarUrl":null,"phoneNumber":null,"address":null,"theme":"light","createdAt":"2026-02-28T13:33:20.646","updatedAt":"2026-02-28T13:33:20.646","resetToken":null,"resetTokenExpiry":null},"date":"2026-02-28","jobsCompleted":0,"avgResolutionTime":0.0,"firstTimeFixRate":100.0,"customerRating":5.0,"pendingJobs":0,"slaComplianceRate":100.0}
